2026-04-15 09:46:55,780 - INFO - Pipeline started
2026-04-15 09:46:55,780 - INFO - Loading data from data/Messy_Sales_Data.csv
2026-04-15 09:46:55,799 - INFO - Loaded 52 rows successfully
2026-04-15 09:46:55,807 - INFO - Removed 2 duplicate row(s). 50 rows remaining
2026-04-15 09:46:55,807 - INFO - Fixed 0 invalid region value(s)
2026-04-15 09:46:55,813 - INFO - Filled 2 missing salesperson value(s) with Unknown
2026-04-15 09:46:55,813 - INFO - Filled 2 missing quantity value(s) with 0
2026-04-15 09:46:55,815 - INFO - Added revenue and month columns
2026-04-15 09:46:55,858 - INFO - Cleaned data saved to output/clean_sales.csv
2026-04-15 09:46:55,873 - INFO - Saved reports/sales_by_region.csv
2026-04-15 09:46:55,880 - INFO - Saved reports/sales_by_product.csv
2026-04-15 09:46:55,886 - INFO - Saved reports/monthly_revenue.csv
2026-04-15 09:46:55,893 - INFO - Saved reports/salesperson_performance.csv
2026-04-15 09:46:55,893 - INFO - Pipeline completed successfully
2026-04-15 09:47:53,216 - INFO - Pipeline started
2026-04-15 09:47:53,217 - INFO - Loading data from data/Messy_Sales_Data.csv
2026-04-15 09:47:53,234 - INFO - Loaded 52 rows successfully
2026-04-15 09:47:53,240 - INFO - Removed 2 duplicate row(s). 50 rows remaining
2026-04-15 09:47:53,241 - INFO - Fixed 0 invalid region value(s)
2026-04-15 09:47:53,244 - INFO - Filled 2 missing salesperson value(s) with Unknown
2026-04-15 09:47:53,245 - INFO - Filled 2 missing quantity value(s) with 0
2026-04-15 09:47:53,247 - INFO - Added revenue and month columns
2026-04-15 09:47:53,283 - INFO - Cleaned data saved to output/clean_sales.csv
2026-04-15 09:47:53,296 - INFO - Saved reports/sales_by_region.csv
2026-04-15 09:47:53,303 - INFO - Saved reports/sales_by_product.csv
2026-04-15 09:48:04,775 - INFO - Pipeline started
2026-04-15 09:48:04,775 - INFO - Loading data from data/Messy_Sales_Data.csv
2026-04-15 09:48:04,791 - INFO - Loaded 52 rows successfully
2026-04-15 09:48:04,798 - INFO - Removed 2 duplicate row(s). 50 rows remaining
2026-04-15 09:48:04,799 - INFO - Fixed 0 invalid region value(s)
2026-04-15 09:48:04,802 - INFO - Filled 2 missing salesperson value(s) with Unknown
2026-04-15 09:48:04,802 - INFO - Filled 2 missing quantity value(s) with 0
2026-04-15 09:48:04,805 - INFO - Added revenue and month columns
2026-04-15 09:48:04,840 - INFO - Cleaned data saved to output/clean_sales.csv
2026-04-15 09:48:04,853 - INFO - Saved reports/sales_by_region.csv
2026-04-15 09:48:04,860 - INFO - Saved reports/sales_by_product.csv
2026-04-15 09:48:04,867 - INFO - Saved reports/monthly_revenue.csv
2026-04-15 09:48:04,873 - INFO - Saved reports/salesperson_performance.csv
2026-04-15 09:48:04,873 - INFO - Pipeline completed successfully
